
 Timestamp: 19779085 | 
 State Slow 0 | 
 State Medium 1 | 
 State Fast 1 | 
 Total Loop time in Microseconds over 1000 iterations: 978 | 
 Timestamp: 19979099 | 
 State Slow 1 | 
 State Medium 1 | 
 State Fast 1 | 
 Total Loop time in Microseconds over 1000 iterations: 978 | 
 Timestamp: 20179104 | 
 State Slow 0 | 
 State Medium 0 | 
 State Fast 0 | 
 Total Loop time in Microseconds over 1000 iterations: 977 | 
 Timestamp: 20379110 | 
 State Slow 1 | 
 State Medium 0 | 
 State Fast 0 | 
 Total Loop time in Microseconds over 1000 iterations: 977 | 
 Timestamp: 20579121 | 
 State Slow 0 | 
 State Medium 1 | 
 State Fast 0 | 
 Total Loop time in Microseconds over 1000 iterations: 976 | 
 Timestamp: 20779127 | 
 State Slow 1 | 
 State Medium 1 | 
 State Fast 0 | 
 Total Loop time in Microseconds over 1000 iterations: 976 | 
 Timestamp: 20979136 | 
 State Slow 0 | 
 State Medium 1 | 
 State Fast 0 | 
 Total Loop time in Microseconds over 1000 iterations: 976 | 
 Timestamp: 21179140 | 
 State Slow 1 | 
 State Medium 0 | 
 State Fast 1 | 
 Total Loop time in Microseconds over 1000 iterations: 976 | 
 Timestamp: 21379144 | 
 State Slow 0 | 
 State Medium 0 | 
 State Fast 1 | 
 Total Loop time in Microseconds over 1000 iterations: 976 | 
 Timestamp: 21579151 | 
 State Slow 1 | 
 State Medium 1 | 
 State Fast 1 | 
 Total Loop time in Microseconds over 1000 iterations: 976 | 
 Timestamp: 21779165 | 
 State Slow 0 | 
 State Medium 1 | 
 State Fast 1 | 
 Total Loop time in Microseconds over 1000 iterations: 973 | 
 Timestamp: 21979168 | 
 State Slow 1 | 
 State Medium 1 | 
 State Fast 1 | 
 Total Loop time in Microseconds over 1000 iterations: 973 | 
 Timestamp: 22179180 | 
 State Slow 0 | 
 State Medium 0 | 
 State Fast 0 | 
 Total Loop time in Microseconds over 1000 iterations: 973 | 
 Timestamp: 22379183 | 
 State Slow 1 | 
 State Medium 0 | 
 State Fast 0 | 
 Total Loop time in Microseconds over 1000 iterations: 973 | 
 Timestamp: 22579191 | 
 State Slow 0 | 
 State Medium 1 | 
 State Fast 0 | 
 Total Loop time in Microseconds over 1000 iterations: 973 | 
 Timestamp: 22779202 | 
 State Slow 1 | 
 State Medium 1 | 
 State Fast 0 | 
 Total Loop time in Microseconds over 1000 iterations: 973 | 
 Timestamp: 22979208 | 
 State Slow 0 | 
 State Medium 1 | 
 State Fast 0 | 
 Total Loop time in Microseconds over 1000 iterations: 973 | 
 Timestamp: 23179223 | 
 State Slow 1 | 
 State Medium 0 | 
 State Fast 1 | 
 Total Loop time in Microseconds over 1000 iterations: 974 | 
 Timestamp: 23379229 | 
 State Slow 0 | 
 State Medium 0 | 
 State Fast 1 | 
 Total Loop time in Microseconds over 1000 iterations: 974 | 
 Timestamp: 23579242 | 
 State Slow 1 | 
 State Medium 1 | 
 State Fast 1 | 
 Total Loop time in Microseconds over 1000 iterations: 975 | 
 Timestamp: 23779246 | 
 State Slow 0 | 
 State Medium 1 | 
 State Fast 1 | 
 Total Loop time in Microseconds over 1000 iterations: 975 | 
 Timestamp: 23979255 | 
 State Slow 1 | 
 State Medium 1 | 
 State Fast 1 | 
 Total Loop time in Microseconds over 1000 iterations: 990 | 
 Timestamp: 24179263 | 
 State Slow 0 | 
 State Medium 0 | 
 State Fast 0 | 
 Total Loop time in Microseconds over 1000 iterations: 990 | 
 Timestamp: 24379274 | 
 State Slow 1 | 
 State Medium 0 | 
 State Fast 0 | 
 Total Loop time in Microseconds over 1000 iterations: 989 | 
 Timestamp: 24579278 | 
 State Slow 0 | 
 State Medium 1 | 
 State Fast 0 | 
 Total Loop time in Microseconds over 1000 iterations: 989 | 
 Timestamp: 24779289 | 
 State Slow 1 | 
 State Medium 1 | 
 State Fast 0 | 
 Total Loop time in Microseconds over 1000 iterations: 988 | 
 Timestamp: 24979293 | 
 State Slow 0 | 
 State Medium 1 | 
 State Fast 0 | 
 Total Loop time in Microseconds over 1000 iterations: 988 | 
 Timestamp: 25179308 | 
 State Slow 1 | 
 State Medium 0 | 
 State Fast 1 | 
 Total Loop time in Microseconds over 1000 iterations: 988 | 
 Timestamp: 25379318 | 
 State Slow 0 | 
 State Medium 0 | 
 State Fast 1 | 
 Total Loop time in Microseconds over 1000 iterations: 988 | 
 Timestamp: 25579325 | 
 State Slow 1 | 
 State Medium 1 | 
 State Fast 1 | 
 Total Loop time in Microseconds over 1000 iterations: 988 | 
 Timestamp: 25779336 | 
 State Slow 0 | 
 State Medium 1 | 
 State Fast 1 | 
 Total Loop time in Microseconds over 1000 iterations: 982 | 
 Timestamp: 25979342 | 
 State Slow 1 | 
 State Medium 1 | 
 State Fast 1 | 
 Total Loop time in Microseconds over 1000 iterations: 982 | 
 Timestamp: 26179348 | 
 State Slow 0 | 
 State Medium 0 | 
 State Fast 0 | 
 Total Loop time in Microseconds over 1000 iterations: 982 | 
 Timestamp: 26379352 | 
 State Slow 1 | 
 State Medium 0 | 
 State Fast 0 | 
 Total Loop time in Microseconds over 1000 iterations: 979 | 
 Timestamp: 26579364 | 
 State Slow 0 | 
 State Medium 1 | 
 State Fast 0 | 
 Total Loop time in Microseconds over 1000 iterations: 984 | 
 Timestamp: 26779370 | 
 State Slow 1 | 
 State Medium 1 | 
 State Fast 0 | 
 Total Loop time in Microseconds over 1000 iterations: 984 | 
 Timestamp: 26979379 | 
 State Slow 0 | 
 State Medium 1 | 
 State Fast 0 | 
 Total Loop time in Microseconds over 1000 iterations: 984 | 
 Timestamp: 27179385 | 
 State Slow 1 | 
 State Medium 0 | 
 State Fast 1 | 
 Total Loop time in Microseconds over 1000 iterations: 984 | 
 Timestamp: 27379389 | 
 State Slow 0 | 
 State Medium 0 | 
 State Fast 1 | 
 Total Loop time in Microseconds over 1000 iterations: 984 | 
 Timestamp: 27579402 | 
 State Slow 1 | 
 State Medium 1 | 
 State Fast 1 | 
 Total Loop time in Microseconds over 1000 iterations: 984 | 
 Timestamp: 27779406 | 
 State Slow 0 | 
 State Medium 1 | 
 State Fast 1 | 
 Total Loop time in Microseconds over 1000 iterations: 984 | 
 Timestamp: 27979417 | 
 State Slow 1 | 
 State Medium 1 | 
 State Fast 1 | 
 Total Loop time in Microseconds over 1000 iterations: 983 | 
 Timestamp: 28179421 | 
 State Slow 0 | 
 State Medium 0 | 
 State Fast 0 | 
 Total Loop time in Microseconds over 1000 iterations: 983 | 
 Timestamp: 28379434 | 
 State Slow 1 | 
 State Medium 0 | 
 State Fast 0 | 
 Total Loop time in Microseconds over 1000 iterations: 990 | 
 Timestamp: 28579439 | 
 State Slow 0 | 
 State Medium 1 | 
 State Fast 0 | 
 Total Loop time in Microseconds over 1000 iterations: 990 | 
 Timestamp: 28779451 | 
 State Slow 1 | 
 State Medium 1 | 
 State Fast 0 | 
 Total Loop time in Microseconds over 1000 iterations: 990 | 
 Timestamp: 28979453 | 
 State Slow 0 | 
 State Medium 1 | 
 State Fast 0 | 
 Total Loop time in Microseconds over 1000 iterations: 975 | 
 Timestamp: 29179463 | 
 State Slow 1 | 
 State Medium 0 | 
 State Fast 1 | 
 Total Loop time in Microseconds over 1000 iterations: 976 | 
 Timestamp: 29379465 | 
 State Slow 0 | 
 State Medium 0 | 
 State Fast 1 | 
 Total Loop time in Microseconds over 1000 iterations: 976 | 
 Timestamp: 29579472 | 
 State Slow 1 | 
 State Medium 1 | 
 State Fast 1 | 
 Total Loop time in Microseconds over 1000 iterations: 976 | 
 Timestamp: 29779482 | 
 State Slow 0 | 
 State Medium 1 | 
 State Fast 1 | 
 Total Loop time in Microseconds over 1000 iterations: 976 | 
 Timestamp: 29979486 | 
 State Slow 1 | 
 State Medium 1 | 
 State Fast 1 | 
 Total Loop time in Microseconds over 1000 iterations: 976 | 
 Timestamp: 30179497 | 
 State Slow 0 | 
 State Medium 0 | 
 State Fast 0 | 
 Total Loop time in Microseconds over 1000 iterations: 976 | 
 Timestamp: 30379503 | 
 State Slow 1 | 
 State Medium 0 | 
 State Fast 0 | 
 Total Loop time in Microseconds over 1000 iterations: 976 | 
 Timestamp: 30579506 | 
 State Slow 0 | 
 State Medium 1 | 
 State Fast 0 | 
