Цикл 2. Час OFF: 3677 мкс
Цикл 3. Час ON:  4517 мкс
Цикл 3. Час OFF: 3677 мкс
Цикл 4. Час ON:  4516 мкс
Цикл 4. Час OFF: 3675 мкс
Цикл 5. Час ON:  4521 мкс
Цикл 5. Час OFF: 3674 мкс
Цикл 6. Час ON:  4536 мкс
Цикл 6. Час OFF: 3671 мкс
Цикл 7. Час ON:  4526 мкс
Цикл 7. Час OFF: 3670 мкс
Цикл 8. Час ON:  4521 мкс
Цикл 8. Час OFF: 3669 мкс
Цикл 9. Час ON:  4541 мкс
Цикл 9. Час OFF: 3666 мкс
Цикл 10. Час ON:  4542 мкс
Цикл 10. Час OFF: 3665 мкс

====== ПІДСУМКИ ======
Середній час ON:  4562 мкс
Середній час OFF: 3672 мкс
======================
